Running with 96 CPUs
Main
Running with 96 CPUs
Pool created
Function starting with Index 1
Line 0 in Index 1
Line 1000 in Index 1
Line 30000000 in Index 1
Line 60000000 in Index 1
Line 90000000 in Index 1
Line 120000000 in Index 1
Line 150000000 in Index 1
Line 180000000 in Index 1
Line 210000000 in Index 1
Line 240000000 in Index 1
Line 270000000 in Index 1
Line 300000000 in Index 1
Line 330000000 in Index 1
Line 360000000 in Index 1
Line 390000000 in Index 1
Line 420000000 in Index 1
Line 450000000 in Index 1
Line 480000000 in Index 1
Line 510000000 in Index 1
Line 540000000 in Index 1
Line 570000000 in Index 1
Line 600000000 in Index 1
Line 630000000 in Index 1
Line 660000000 in Index 1
Line 690000000 in Index 1
Line 720000000 in Index 1
Line 750000000 in Index 1
Line 780000000 in Index 1
Line 810000000 in Index 1
Line 840000000 in Index 1
Line 870000000 in Index 1
Line 900000000 in Index 1
Line 930000000 in Index 1
Line 960000000 in Index 1
Line 990000000 in Index 1
Line 1020000000 in Index 1
Line 1050000000 in Index 1
Line 1080000000 in Index 1
Line 1110000000 in Index 1
Line 1140000000 in Index 1
Line 1170000000 in Index 1
Line 1200000000 in Index 1
Line 1230000000 in Index 1
Line 1260000000 in Index 1
Line 1290000000 in Index 1
Line 1320000000 in Index 1
Line 1350000000 in Index 1
Line 1380000000 in Index 1
Line 1410000000 in Index 1
Line 1440000000 in Index 1
Finished Index 1
Function starting with Index 2
Line 0 in Index 2
Line 1000 in Index 2
Line 30000000 in Index 2
Line 60000000 in Index 2
Line 90000000 in Index 2
Line 120000000 in Index 2
Line 150000000 in Index 2
Line 180000000 in Index 2
Line 210000000 in Index 2
Line 240000000 in Index 2
Line 270000000 in Index 2
Line 300000000 in Index 2
Line 330000000 in Index 2
Line 360000000 in Index 2
Line 390000000 in Index 2
Line 420000000 in Index 2
Line 450000000 in Index 2
Line 480000000 in Index 2
Line 510000000 in Index 2
Line 540000000 in Index 2
Line 570000000 in Index 2
Line 600000000 in Index 2
Line 630000000 in Index 2
Line 660000000 in Index 2
Line 690000000 in Index 2
Line 720000000 in Index 2
Line 750000000 in Index 2
Line 780000000 in Index 2
Line 810000000 in Index 2
Line 840000000 in Index 2
Line 870000000 in Index 2
Line 900000000 in Index 2
Line 930000000 in Index 2
Line 960000000 in Index 2
Line 990000000 in Index 2
Line 1020000000 in Index 2
Line 1050000000 in Index 2
Line 1080000000 in Index 2
Line 1110000000 in Index 2
Line 1140000000 in Index 2
Line 1170000000 in Index 2
Line 1200000000 in Index 2
Line 1230000000 in Index 2
Line 1260000000 in Index 2
Line 1290000000 in Index 2
Line 1320000000 in Index 2
Line 1350000000 in Index 2
Line 1380000000 in Index 2
Line 1410000000 in Index 2
Line 1440000000 in Index 2
Finished Index 2
Function starting with Read 1
Line 0 in Read 1
Line 1000 in Read 1
Line 30000000 in Read 1
Line 60000000 in Read 1
Line 90000000 in Read 1
Line 120000000 in Read 1
Line 150000000 in Read 1
Line 180000000 in Read 1
Line 210000000 in Read 1
Line 240000000 in Read 1
Line 270000000 in Read 1
Line 300000000 in Read 1
Line 330000000 in Read 1
Line 360000000 in Read 1
Line 390000000 in Read 1
Line 420000000 in Read 1
Line 450000000 in Read 1
Line 480000000 in Read 1
Line 510000000 in Read 1
Line 540000000 in Read 1
Line 570000000 in Read 1
Line 600000000 in Read 1
Line 630000000 in Read 1
Line 660000000 in Read 1
Line 690000000 in Read 1
Line 720000000 in Read 1
Line 750000000 in Read 1
Line 780000000 in Read 1
Line 810000000 in Read 1
Line 840000000 in Read 1
Line 870000000 in Read 1
Line 900000000 in Read 1
Line 930000000 in Read 1
Line 960000000 in Read 1
Line 990000000 in Read 1
Line 1020000000 in Read 1
Line 1050000000 in Read 1
Line 1080000000 in Read 1
Line 1110000000 in Read 1
Line 1140000000 in Read 1
Line 1170000000 in Read 1
Line 1200000000 in Read 1
Line 1230000000 in Read 1
Line 1260000000 in Read 1
Line 1290000000 in Read 1
Line 1320000000 in Read 1
Line 1350000000 in Read 1
Line 1380000000 in Read 1
Line 1410000000 in Read 1
Line 1440000000 in Read 1
Finished Read 1
Function starting with Read 2
Line 0 in Read 2
Line 1000 in Read 2
Line 30000000 in Read 2
Line 60000000 in Read 2
Line 90000000 in Read 2
Line 120000000 in Read 2
Line 150000000 in Read 2
Line 180000000 in Read 2
Line 210000000 in Read 2
Line 240000000 in Read 2
Line 270000000 in Read 2
Line 300000000 in Read 2
Line 330000000 in Read 2
Line 360000000 in Read 2
Line 390000000 in Read 2
Line 420000000 in Read 2
Line 450000000 in Read 2
Line 480000000 in Read 2
Line 510000000 in Read 2
Line 540000000 in Read 2
Line 570000000 in Read 2
Line 600000000 in Read 2
Line 630000000 in Read 2
Line 660000000 in Read 2
Line 690000000 in Read 2
Line 720000000 in Read 2
Line 750000000 in Read 2
Line 780000000 in Read 2
Line 810000000 in Read 2
Line 840000000 in Read 2
Line 870000000 in Read 2
Line 900000000 in Read 2
Line 930000000 in Read 2
Line 960000000 in Read 2
Line 990000000 in Read 2
Line 1020000000 in Read 2
Line 1050000000 in Read 2
Line 1080000000 in Read 2
Line 1110000000 in Read 2
Line 1140000000 in Read 2
Line 1170000000 in Read 2
Line 1200000000 in Read 2
Line 1230000000 in Read 2
Line 1260000000 in Read 2
Line 1290000000 in Read 2
Line 1320000000 in Read 2
Line 1350000000 in Read 2
Line 1380000000 in Read 2
Line 1410000000 in Read 2
Line 1440000000 in Read 2
Finished Read 2
