Opening files...
Files opened
Processing record 36000000
Processing record 72000000
Processing record 108000000
Processing record 144000000
Processing record 180000000
Processing record 216000000
Processing record 252000000
Processing record 288000000
Processing record 324000000
Processing record 360000000
End of files reached
	Command being timed: "python /projects/bgmp/imre/bioinfo/bi622/Demultiplex/Assignment-the-third/demultiplex.py -i /projects/bgmp/shared/2017_sequencing/ -o /scratch/bgmp/imre/demux/ -t /projects/bgmp/shared/2017_sequencing/indexes.txt -q 25"
	User time (seconds): 1793.09
	System time (seconds): 19.73
	Percent of CPU this job got: 82%
	Elapsed (wall clock) time (h:mm:ss or m:ss): 36:39.05
	Average shared text size (kbytes): 0
	Average unshared data size (kbytes): 0
	Average stack size (kbytes): 0
	Average total size (kbytes): 0
	Maximum resident set size (kbytes): 248524
	Average resident set size (kbytes): 0
	Major (requiring I/O) page faults: 0
	Minor (reclaiming a frame) page faults: 32840
	Voluntary context switches: 50684
	Involuntary context switches: 4231
	Swaps: 0
	File system inputs: 0
	File system outputs: 0
	Socket messages sent: 0
	Socket messages received: 0
	Signals delivered: 0
	Page size (bytes): 4096
	Exit status: 0
